// Jest Snapshot v1, https://goo.gl/fbAQLP

exports[`should render ExpenseList when no expenses 1`] = `
<div>
  <h2>
    Expense List
  </h2>
  <p>
    No expenses to show
  </p>
</div>
`;

exports[`should render ExpenseList with testExpenses 1`] = `
<div>
  <h2>
    Expense List
  </h2>
  <ExpListItem
    amount={195}
    createdAt={0}
    description="Gum"
    id="1"
    key="1"
    note=""
  />
  <ExpListItem
    amount={109500}
    createdAt={-345600000}
    description="Rent"
    id="2"
    key="2"
    note=""
  />
  <ExpListItem
    amount={4500}
    createdAt={345600000}
    description="Credit card"
    id="3"
    key="3"
    note=""
  />
</div>
`;
